Vivado Simulator v2024.2.0
Copyright 1986-2022 Xilinx, Inc. All Rights Reserved.
Copyright 2022-2024 Advanced Micro Devices, Inc. All Rights Reserved.
Running: C:/AMDvivado/Vivado/2024.2/bin/unwrapped/win64.o/xelab.exe --incr --debug typical --relax --mt 2 -L xil_defaultlib -L uvm -L unisims_ver -L unimacro_ver -L secureip --snapshot spi_master_tb_behav xil_defaultlib.spi_master_tb xil_defaultlib.glbl -log elaborate.log 
Using 2 slave threads.
Starting static elaboration
Pass Through NonSizing Optimizer
Completed static elaboration
Starting simulation data flow analysis
Completed simulation data flow analysis
Time Resolution for simulation is 1ps
Compiling module xil_defaultlib.spi_fsm
Compiling module xil_defaultlib.spi_clock_generator_default
Compiling module xil_defaultlib.spi_shift_register
Compiling module xil_defaultlib.spi_master_controller
Compiling module xil_defaultlib.spi_master_top
Compiling module xil_defaultlib.spi_slave_model
Compiling module xil_defaultlib.spi_agent
Compiling module xil_defaultlib.spi_clock_generator(DATA_WIDTH=1...
Compiling module xil_defaultlib.spi_shift_register(DATA_WIDTH=16...
Compiling module xil_defaultlib.spi_master_controller(DATA_WIDTH...
Compiling module xil_defaultlib.spi_master_top(DATA_WIDTH=16)
Compiling module xil_defaultlib.spi_slave_model(DW=16)
Compiling module xil_defaultlib.spi_agent(DW=16)
Compiling module xil_defaultlib.spi_clock_generator(DATA_WIDTH=3...
Compiling module xil_defaultlib.spi_shift_register(DATA_WIDTH=32...
Compiling module xil_defaultlib.spi_master_controller(DATA_WIDTH...
Compiling module xil_defaultlib.spi_master_top(DATA_WIDTH=32)
Compiling module xil_defaultlib.spi_slave_model(DW=32)
Compiling module xil_defaultlib.spi_agent(DW=32)
Compiling module xil_defaultlib.spi_master_tb
WARNING: [XSIM 43-4398] File "C:/Users/arjun/Downloads/OTLOT-SPI/OTLOT-SPI.srcs/sim_1/new/spi_master_tb.sv" Line 489 : Treating stand-alone use of function 'get_coverage' as an implicit VOID cast.
Compiling module xil_defaultlib.glbl
Built simulation snapshot spi_master_tb_behav
